[
    "app:amqp:consume",
    "app:cache:clear",
    "db:seed"
]
