{
    "eventName": "Tests.Infrastructure.Events.TestEvent",
    "payload": {
        "metadata": {
            "key": "value override",
            "key2": "value"
        }
    }
}
