[
    "App\\Domain\\Service\\User\\DomainEvents\\UserWasCreated"
]
