[
  "App\\Application\\Console\\AmqpConsumeConsoleCommand",
  "App\\Application\\Console\\CacheClearConsoleCommand",
  "App\\Application\\Console\\DataFixturesCommand"
]
